// Jest Snapshot v1, https://goo.gl/fbAQLP

exports[`should correctly render account summary with multiple expenses 1`] = `
<div
  className="page-header"
>
  <div
    className="content-container"
  >
    <h1
      className="page-header__title"
    >
       Account List 
    </h1>
    <h2
      className="page-header__subtitle"
    >
      Total number of accounts: 
      <span>
        47
      </span>
    </h2>
    <div
      className="page-header__actions"
    >
      <Link
        className="button"
        to="/createAccount"
      >
        Add Account
      </Link>
    </div>
  </div>
</div>
`;

exports[`should correctly render account summary with no expenses 1`] = `
<div
  className="page-header"
>
  <div
    className="content-container"
  >
    <h1
      className="page-header__title"
    >
       Account List 
    </h1>
    <h2
      className="page-header__subtitle"
    >
      Total number of accounts: 
      <span>
        0
      </span>
    </h2>
    <div
      className="page-header__actions"
    >
      <Link
        className="button"
        to="/createAccount"
      >
        Add Account
      </Link>
    </div>
  </div>
</div>
`;
