// Jest Snapshot v1, https://goo.gl/fbAQLP

exports[`should render Header correctly 1`] = `
<header
  className="header"
>
  <div
    className="content-container"
  >
    <div
      className="header__content"
    >
      <Navbar
        bg="none"
        collapseOnSelect={false}
        expand="sm"
        variant="dark"
      >
        <NavbarBrand>
          <Link
            className="header__item--brand"
            to="/dashboard"
          >
            Expensify
          </Link>
        </NavbarBrand>
        <NavbarToggle
          aria-controls="basic-navbar-nav"
          label="Toggle navigation"
        />
        <NavbarCollapse
          className="justify-content-end"
          id="basic-navbar-nav"
        >
          <Nav
            className="ml-auto"
            fill={false}
            justify={false}
          >
            <Link
              className="header__item"
              to="/dashboard"
            >
              Dashboard
            </Link>
            <Link
              className="header__item"
              to="/expenses"
            >
              Expenses
            </Link>
            <Link
              className="header__item"
              to="/categories"
            >
              Categories
            </Link>
            <DropdownButton
              className="dropdown--header"
              title="Import"
              variant="link"
            >
              <div
                className="header__dropdown--area"
              >
                <Link
                  className="header__dropdown--item"
                  to="/importCategories"
                >
                  Categories
                </Link>
              </div>
              <div
                className="header__dropdown--area"
              >
                <Link
                  className="header__dropdown--item"
                  to="/importExpenses"
                >
                  Expenses
                </Link>
              </div>
            </DropdownButton>
            <button
              className="header__item--button"
              onClick={[MockFunction]}
            >
              Logout
            </button>
          </Nav>
        </NavbarCollapse>
      </Navbar>
    </div>
  </div>
</header>
`;
